npm info using npm@10.9.4
npm info using node@v22.21.0

> farmers-market@1.0.0 build
> next build

   Γû▓ Next.js 16.0.1 (Turbopack)
   - Environments: .env.local, .env
   - Experiments (use with caution):
     Γ£ô scrollRestoration

 ΓÜá The "middleware" file convention is deprecated. Please use "proxy" instead. Learn more: https://nextjs.org/docs/messages/middleware-to-proxy
   Creating an optimized production build ...
 Γ£ô Compiled successfully in 5.9s
   Skipping validation of types
   Collecting page data ...
Γ£à Upload directories ready
ΓÜá∩╕Å Email service: Not configured
 Γ¿» Invalid segment configuration export detected. This can cause unexpected behavior from the configs not being applied. You should see the relevant failures in the logs above. Please fix them to continue.
